// Jest Snapshot v1, https://goo.gl/fbAQLP

exports[`ToDoFilterOptions renders correctly 1`] = `ShallowWrapper {}`;
