// Jest Snapshot v1, https://goo.gl/fbAQLP

exports[`ToDoListItem renders correctly 1`] = `ShallowWrapper {}`;
