// Jest Snapshot v1, https://goo.gl/fbAQLP

exports[`ToDoList renders correct number of completed task 1`] = `ShallowWrapper {}`;

exports[`ToDoList renders correctly 1`] = `ShallowWrapper {}`;

exports[`ToDoList renders correctly 2`] = `ShallowWrapper {}`;
