// Jest Snapshot v1, https://goo.gl/fbAQLP

exports[`ToDosPage renders correctly 1`] = `ShallowWrapper {}`;
