// Jest Snapshot v1, https://goo.gl/fbAQLP

exports[`ToDoInput renders correctly 1`] = `ShallowWrapper {}`;
